[zarastore.info/index.html]
[backblue.gif]
[fade.gif]
[index.html]
[zarastore.info/home/f.atom]
[zarastore.info/home/f.json]
[zarastore.info/home/f.rss]
[zarastore.info/manifest.webmanifest]
[zarastore.info/home.html]
[zarastore.info/sw.js]
[zarastore.info/all-products3aec.html]
[zarastore.info/all-products.html]
[zarastore.info/online-services.html]
[zarastore.info/contact-us.html]
[zarastore.info/m/logina8b9.html]
[zarastore.info/m/create-account.html]
[zarastore.info/m/logined0f.html]
[zarastore.info/index.html]
[img1.wsimg.com/blobby/go/0b9601f5-5318-484e-bda8-39668163b0f5/gpub/d9ab810867f65435/script.js]
[zarastore.info/home.html]
[img1.wsimg.com/blobby/go/0b9601f5-5318-484e-bda8-39668163b0f5/gpub/8aac9326b972df39/script.js]
[zarastore.info/all-products3aec.html]
[zarastore.info/all-products.html]
[img1.wsimg.com/blobby/go/0b9601f5-5318-484e-bda8-39668163b0f5/gpub/dc5eb2bb5a43cb77/script.js]
[zarastore.info/online-services.html]
[img1.wsimg.com/blobby/go/0b9601f5-5318-484e-bda8-39668163b0f5/gpub/3cd26bab70c4075d/script.js]
[zarastore.info/contact-us.html]
[img1.wsimg.com/blobby/go/0b9601f5-5318-484e-bda8-39668163b0f5/gpub/f48c0caf3f265a61/script.js]
[zarastore.info/m/logina8b9.html]
[zarastore.info/m/login.html]
[img1.wsimg.com/poly/v3/polyfill.min6ee5.js]
[zarastore.info/m/create-account.html]
[zarastore.info/m/logined0f.html]
[img1.wsimg.com/blobby/go/0b9601f5-5318-484e-bda8-39668163b0f5/gpub/404feff0e96a2324/script.js]
[img1.wsimg.com/blobby/go/0b9601f5-5318-484e-bda8-39668163b0f5/gpub/d2489ae7f3d00bee/script.js]
[img1.wsimg.com/ceph-p3-01/website-builder-data-prod/static/widgets/UX.4.30.8.js]
[zarastore.info/m/login.html]
